
##fey alternate racial traits
#Dwarf
Wanderer		KEY:Dwarf ~ Wanderer			CATEGORY:Special Ability	TYPE:RacialTraits.SpecialQuality.DwarfRacialTrait.DwarfHardy						PREMULT:1,[PREABILITY:1,CATEGORY=Special Ability,Dwarf ~ Wanderer],[!PREABILITY:1,CATEGORY=Special Ability,TYPE.DwarfHardy]													DESC:Freed from the confines of duty, certain fey-touched dwarves are stricken with wanderlust. These dwarves are often considered untrustworthy vagabonds by other dwarves but excel at the rigors of traveling. They gain Endurance as a bonus feat, and Climb and Swim are class skills for them.	ABILITY:FEAT|VIRTUAL|Endurance	CSKILL:Climb|Swim	COST:0	SOURCEPAGE:p.4
#Elf
Fey-Sighted		KEY:Elf ~ Fey Sighted			CATEGORY:Special Ability	TYPE:RacialTraits.SpecialQuality.ElfRacialTrait.ElfMagic						PREMULT:1,[PREABILITY:1,CATEGORY=Special Ability,Elf ~ Fey-Sighted],[!PREABILITY:1,CATEGORY=Special Ability,TYPE.ElfMagic]													DESC:To some elves with fey heritage, magic is a visible presence they have known all their lives. These elves have detect magic as a constant spell-like ability, with a caster level equal to their character level.	SPELLS:Fey-Sighted Elf|TIMES=ATWILL|CASTERLEVEL=TL|Detect Magic	COST:0	SOURCEPAGE:p.4
#Gnome
Fey-Tongued		KEY:Gnome ~ Fey-Tongued			CATEGORY:Special Ability	TYPE:RacialTraits.SpecialQuality.GnomeRacialTrait.GnomeMagic						PREMULT:1,[PREABILITY:1,CATEGORY=Special Ability,Gnome ~ Fey-Tongued],[!PREABILITY:1,CATEGORY=Special Ability,TYPE.GnomeMagic]													DESC:Gnomes with this trait gain haunted fey aspectUC and speak with plants instead of dancing lights and speak with animals as spell-like abilities from the gnome magic racial trait.	SPELLS:Fey-Tongued Gnome|TIMES=1|CASTERLEVEL=TL|haunted fey aspect,speak with plants	COST:0	SOURCEPAGE:p.4
#Halfling
Fey-Quickened		KEY:Halfling ~ Fey-Quickened		CATEGORY:Special Ability	TYPE:RacialTraits.SpecialQuality.HalflingRacialTrait.HalflingFearless.HalflingKeenSenses		PREMULT:1,[PREABILITY:1,CATEGORY=Special Ability,Halfling ~ Fey-Quickened],[!PREABILITY:1,CATEGORY=Special Ability,TYPE.HalflingFearless],[!PREABILITY:1,CATEGORY=Special Ability,TYPE.HalflingKeenSenses]			DESC:Some fey-blooded halflings are faster than their kin, yet retain a sharp eye for danger. These halflings gain Run as a bonus feat and a +2 racial bonus on initiative checks.	ABILITY:FEAT|VIRTUAL|Run	BONUS:COMBAT|INITIATIVE|2|TYPE=Racial	COST:0	SOURCEPAGE:p.5
#Half-Elf
Disregarded		KEY:Half-Elf ~ Disregarded		CATEGORY:Special Ability	TYPE:RacialTraits.SpecialQuality.HalfElfRacialTrait.HalfElfSenses					PREMULT:1,[PREABILITY:1,CATEGORY=Special Ability,Half-Elf ~ Disregarded],[!PREABILITY:1,CATEGORY=Special Ability,TYPE.HalfElfSenses]												DESC:Half-elves with this trait practice magical techniques to conceal their fey features from casual scrutiny. These half-elves treat their caster level as 1 higher when casting illusion spells. Half-elves with a Charisma score of 11 or higher also gain the following spell-like abilities: 1/day—guidance, innocenceAPG, lullaby, and mage hand. The caster level for these effects is equal to the half-elf ’s level. The DC for these spells is equal to 10 + the spell’s level + the half-elf ’s Charisma modifier.	BONUS:CASTERLEVEL|SCHOOL.Illusion|1	SPELLS:Disregarded Half-Elf|TIMES=1|CASTERLEVEL=TL|guidance,innocence,lullaby,mage hand,11+CHA|PRESTAT:1,CHA=11	COST:0	SOURCEPAGE:p.5
#Half-Orc
Shamanic Enhancement	KEY:Half-Orc ~ Shamanic Enhancement	CATEGORY:Special Ability	TYPE:RacialTraits.SpecialQuality.HalfOrcRacialTrait.HalfOrcWeaponFamiliarity.HalfOrcIntimidating	PREMULT:1,[PREABILITY:1,CATEGORY=Special Ability,Half-Orc ~ Shamanic Enhancement],[!PREABILITY:1,CATEGORY=Special Ability,TYPE.HalfOrcIntimidating],[!PREABILITY:1,CATEGORY=Special Ability,TYPE.HalfOrcWeaponFamiliarity]	DESC:Certain half-orcs know rituals to enhance the strength and brutality of their allies. These half-orcs gain a +2 racial bonus on Spellcraft checks. In addition, when such a half-orc acquires an animal companion, bonded mount, cohort, familiar, or spirit animal, that creature gains a +2 bonus to Strength, Dexterity, or Constitution, as selected by the half-orc.	BONUS:SKILL|Spellcraft|2	DEFINE:GrantShamanicEnhancement|0	BONUS:VAR|GrantShamanicEnhancement|1	BONUS:ABILITYPOOL|Shamanic Enhancement Choice|1	COST:0	SOURCEPAGE:p.5
+2 to strength		KEY:Shamanic Enhancement Choice ~ strength	CATEGORY:Special Ability	TYPE:HalfOrcRacialTrait.SpecialQuality.ShamanicEnhancement	VISIBLE:DISPLAY	DESC:Your companion gains a +2 bonus to their strength score.	BONUS:VAR|ShamanicEnhancementSTR|1
+2 to dexterity		KEY:Shamanic Enhancement Choice ~ dexterity	CATEGORY:Special Ability	TYPE:HalfOrcRacialTrait.SpecialQuality.ShamanicEnhancement	VISIBLE:DISPLAY	DESC:Your companion gains a +2 bonus to their dexterity score.	BONUS:VAR|ShamanicEnhancementDEX|1
+2 to constitution	KEY:Shamanic Enhancement Choice ~ constitution	CATEGORY:Special Ability	TYPE:HalfOrcRacialTrait.SpecialQuality.ShamanicEnhancement	VISIBLE:DISPLAY	DESC:Your companion gains a +2 bonus to their constitution score.	BONUS:VAR|ShamanicEnhancementCON|1
CATEGORY=Internal|Default.MOD	ABILITY:Internal|AUTOMATIC|Shamanic Enhancement ~ Companion|PREVARGTEQ:MASTERVAR("GrantShamanicEnhancement"),1	
Shamanic Enhancement ~ Companion	CATEGORY:Internal	BONUS:STAT|STR|2|PREVARGTEQ:ShamanicEnhancementSTR,1	BONUS:STAT|CON|2|PREVARGTEQ:ShamanicEnhancementCON,1	BONUS:STAT|DEX|2|PREVARGTEQ:ShamanicEnhancementDEX,1
#Human
Heart of the Fey	KEY:Human ~ Heart of the Fey		CATEGORY:Special Ability	TYPE:RacialTraits.SpecialQuality.HumanRacialTrait.HumanSkilled						PREMULT:1,[PREABILITY:1,CATEGORY=Special Ability,Human ~ Heart of the Fey],[!PREABILITY:1,CATEGORY=Special Ability,TYPE.HumanSkilled]												DESC:Fey-touched humans enjoy senses and reactions superior to those of their kin. These humans receive low-light vision, gain a +1 racial bonus on Reflex and Will saves, and treat Knowledge (nature) and Perception as class skills.	VISION:Low-light	BONUS:CHECKS|Reflex,Will|1	CSKILL:Knowledge (nature)|Perception	COST:0	SOURCEPAGE:p.5

##Bleachling
Bleachling	KEY:Gnome ~ Bleachling	CATEGORY:Speacial Ability	TYPE:RacialTraits.SpecialQuality.GnomeRacialTrait.GnomeObsessive.GnomeMagic	PREMULT:1,[PREABILITY:1,CATEGORY=Special Ability,Gnome ~ Bleachling],[!PREABILITY:1,CATEGORY=Special Ability,TYPE.GnomeMagic],[!PREABILITY:1,CATEGORY=Special Ability,TYPE.GnomeObsessive]	DESC:Gnomes who have survived the Bleaching are immune to effects of the Bleaching thereafter. These gnomes gain two favored classes: druid, and their choice of any other class. They lose all spell-like abilities granted by the gnome magic racial trait except speak with animals, but they can use their speak with animals spell-like ability three times per day.	BONUS:ABILITYPOOL|Favored Class Bonus|DruidLVL	DEFINE:VAR|BleachlingWildSpeaker|0	SPELLS:Bleachling|TIMES=3|CASTERLEVEL=TL|Speak With Animals|!PREVARGTEQ:BleachlingWildSpeaker,1